// Jest Snapshot v1, https://goo.gl/fbAQLP

exports[`daily-forecast-item component snapshot 1`] = `
Object {
  "asFragment": [Function],
  "baseElement": <body>
    <script
      defer=""
      src="https://apis.google.com/js/api.js"
    />
    <script
      defer=""
      src="https://accounts.google.com/gsi/client"
    />
    <div>
      <div
        class="MuiPaper-root MuiPaper-elevation MuiPaper-rounded MuiPaper-elevation3 css-1h5v4ta-MuiPaper-root"
        data-testid="daily-forecast-item"
      >
        <p
          class="MuiTypography-root MuiTypography-body1 css-w6dfpm-MuiTypography-root"
        >
          February 21
        </p>
        <p
          class="MuiTypography-root MuiTypography-body1 css-w6dfpm-MuiTypography-root"
        >
          Tue
        </p>
        <img
          alt="weather icon"
          class="MuiBox-root css-pi0yvt"
          src="1114.png"
        />
        <p
          class="MuiTypography-root MuiTypography-body1 css-w6dfpm-MuiTypography-root"
        >
          0
          °C
        </p>
      </div>
    </div>
  </body>,
  "container": <div>
    <div
      class="MuiPaper-root MuiPaper-elevation MuiPaper-rounded MuiPaper-elevation3 css-1h5v4ta-MuiPaper-root"
      data-testid="daily-forecast-item"
    >
      <p
        class="MuiTypography-root MuiTypography-body1 css-w6dfpm-MuiTypography-root"
      >
        February 21
      </p>
      <p
        class="MuiTypography-root MuiTypography-body1 css-w6dfpm-MuiTypography-root"
      >
        Tue
      </p>
      <img
        alt="weather icon"
        class="MuiBox-root css-pi0yvt"
        src="1114.png"
      />
      <p
        class="MuiTypography-root MuiTypography-body1 css-w6dfpm-MuiTypography-root"
      >
        0
        °C
      </p>
    </div>
  </div>,
  "debug": [Function],
  "findAllByAltText": [Function],
  "findAllByDisplayValue": [Function],
  "findAllByLabelText": [Function],
  "findAllByPlaceholderText": [Function],
  "findAllByRole": [Function],
  "findAllByTestId": [Function],
  "findAllByText": [Function],
  "findAllByTitle": [Function],
  "findByAltText": [Function],
  "findByDisplayValue": [Function],
  "findByLabelText": [Function],
  "findByPlaceholderText": [Function],
  "findByRole": [Function],
  "findByTestId": [Function],
  "findByText": [Function],
  "findByTitle": [Function],
  "getAllByAltText": [Function],
  "getAllByDisplayValue": [Function],
  "getAllByLabelText": [Function],
  "getAllByPlaceholderText": [Function],
  "getAllByRole": [Function],
  "getAllByTestId": [Function],
  "getAllByText": [Function],
  "getAllByTitle": [Function],
  "getByAltText": [Function],
  "getByDisplayValue": [Function],
  "getByLabelText": [Function],
  "getByPlaceholderText": [Function],
  "getByRole": [Function],
  "getByTestId": [Function],
  "getByText": [Function],
  "getByTitle": [Function],
  "queryAllByAltText": [Function],
  "queryAllByDisplayValue": [Function],
  "queryAllByLabelText": [Function],
  "queryAllByPlaceholderText": [Function],
  "queryAllByRole": [Function],
  "queryAllByTestId": [Function],
  "queryAllByText": [Function],
  "queryAllByTitle": [Function],
  "queryByAltText": [Function],
  "queryByDisplayValue": [Function],
  "queryByLabelText": [Function],
  "queryByPlaceholderText": [Function],
  "queryByRole": [Function],
  "queryByTestId": [Function],
  "queryByText": [Function],
  "queryByTitle": [Function],
  "rerender": [Function],
  "unmount": [Function],
}
`;
